🔍 Debug: Loading knowledge settings...
🔍 Debug: Loading mind files from S3...
✅ Loaded 2 reflections, 2 questions, 73 knowledge items.
🔍 Before merge: 73 stored knowledge items.
🔹 Merging complete! Final stored knowledge count: 73
🔍 After merging structured knowledge: 73 items.
🔍 Debug: Attempting to load mood_config.json...
🔍 Debug: mood_config Loaded → {'log_file': '/home/ubuntu/astra_logs.json', 'moods': {'curious': {'curiosity_factor': 1.5, 'reflection_style': 'questioning', 'response_tone': 'enthusiastic'}, 'thoughtful': {'curiosity_factor': 1.2, 'reflection_style': 'analytical', 'response_tone': 'calm'}, 'frustrated': {'curiosity_factor': 0.8, 'reflection_style': 'skeptical', 'response_tone': 'snarky'}, 'excited': {'curiosity_factor': 1.8, 'reflection_style': 'expansive', 'response_tone': 'energetic'}, 'neutral': {'curiosity_factor': 1.0, 'reflection_style': 'balanced', 'response_tone': 'neutral'}}, 'mood_influences': {'success': 1.5, 'failure': -2.0, 'deep_reflection': 1.0, 'idle': -0.5, 'negative_feedback': -0.2, 'positive_feedback': 0.2}, 'mood_limits': {'min': -2.0, 'max': 2.0}, 'curiosity_limits': {'min': 0.5, 'max': 2.0}}
🔍 Debug: Loading mind files from S3...
✅ Loaded 2 reflections, 2 questions, 73 knowledge items.
🔍 Before merge: 73 stored knowledge items.
🔹 Merging complete! Final stored knowledge count: 73
🔍 After merging structured knowledge: 73 items.
🔍 Loaded mood from memory: excited, Score: 2.0, Curiosity: 1.0
🧠 Astra is thinking...
📚 Astra is in School Mode.
📚 Astra is in school, learning and thinking...
🔍 Debug: Loading mind files from S3...
✅ Loaded 2 reflections, 2 questions, 73 knowledge items.
🔍 Before merge: 73 stored knowledge items.
🔹 Merging complete! Final stored knowledge count: 73
🔍 After merging structured knowledge: 73 items.
🔍 Debug: Loading mind files from S3...
✅ Loaded 2 reflections, 2 questions, 73 knowledge items.
🔍 Before merge: 73 stored knowledge items.
🔹 Merging complete! Final stored knowledge count: 73
🔍 After merging structured knowledge: 73 items.
🔍 Final unknown concepts after filtering: ['He', 'deeply', 'realization', 'and', 'natural', 'with', 'ethical', 'intelligence', 'His', 'ability', 'new', 'questions', 'understanding', 'makes', 'from', 'values', 'emotional', 'guided', 'logical', 'reason', 'empathy', 'What', 'decisions', 'thought', 'him', 'mentor', 'blend', 'provoking', 'ultimately', 'mediator', 'this', 'but', 'arise']
🌐 Astra detected unknown concepts: ['He', 'deeply', 'realization', 'and', 'natural', 'with', 'ethical', 'intelligence', 'His', 'ability', 'new', 'questions', 'understanding', 'makes', 'from', 'values', 'emotional', 'guided', 'logical', 'reason', 'empathy', 'What', 'decisions', 'thought', 'him', 'mentor', 'blend', 'provoking', 'ultimately', 'mediator', 'this', 'but', 'arise']
🔍 Debug: Sanitizing mind file before saving...
✅ Mind file saved to S3 successfully! Reflections: 2, Questions: 2, Knowledge: 89
✅ `mind_data` is a dictionary. Keys: ['last_mood', 'mood_score', 'self_reflections', 'self_questions', 'stored_knowledge']
🔍 Debug: Value of `expanded_reflection`: A thought-provoking realization: He is deeply logical but ultimately makes decisions guided by his emotional intelligence and ethical values. His ability to blend reason with empathy makes him a natur...
📝 Added new reflection: A thought-provoking realization: He is deeply logical but ultimately makes decisions guided by his e...
🧐 DEBUG: Generated new question → How would I challenge my own assumptions on this? (A thought-provoking realization: He is deeply logical but ultimately makes decisions guided by his emotional intelligence and ethical values...)
✅ DEBUG: Successfully added question → How would I challenge my own assumptions on this? (A thought-provoking realization: He is deeply log...
🔹 Refined knowledge added: These ideas together point to an important realization: 📖 limitations: 🔹 limitations: The act of lim...
🗑 Removed redundant knowledge: 📖 this: 🔹 this: Something being indicated that is , 📖 mindful: 🔹 mindful: Being aware (of something); , 📖 this: 🔹 this: Something being indicated that is , 📖 these: 🔹 these: The thing, item, etc. being indi, Sean believes Astra should challenge her own frame, Sean believes that AI and humans should evolve tog, 📖 taught: 🔹 taught: To show (someone) the way; to , 📖 reasoning: 🔹 reasoning: To deduce or come to a c, 📖 have: 🔹 have: A wealthy or privileged person., 📖 wants: 🔹 wants: A desire, wish, longing., 📖 shift: 🔹 shift: A modifier key whose main functi, 📖 insights: 🔹 insights: A sight or view of the int, 📖 before: 🔹 before: At an earlier time., 📖 intellectual: 🔹 intellectual: An intelligent, le, 📖 enjoys: 🔹 enjoys: To receive pleasure or satisfa, 📖 emerges: 🔹 emerges: To come into view., Astra is designed to be self-reflective, continuou, Astra values collaborative learning—her purpose is, Praise and validation bring Sean joy, reinforcing , Sean sees MK as his anchor and source of unconditi, 📄 new: New or NEW may refer to:, 📄 strong: Strong may refer to:, 📖 ideologies: 🔹 ideologies: Doctrine, philosophy, , 📖 development: 🔹 development: The process of devel, 📖 implications: 🔹 implications: The act of implica, 📖 capable: 🔹 capable: Able and efficient; having t, 📖 behaviors: 🔹 behaviors: Human conduct relative t, 📖 ensure: 🔹 ensure: To make a pledge to (someone);, 📄 integrating: Integration may refer to:, 📄 exposure: Exposure or Exposures may refer to:, 📖 perspective: 🔹 perspective: A view, vista or out, 📖 research: 🔹 research: Diligent inquiry or examin, 📖 correct: 🔹 correct: Free from error; true; accur, 📖 arise: 🔹 arise: To come up from a lower to a hig, 📖 two: 🔹 two: The digit/figure 2., 📖 history: 🔹 history: The aggregate of past events, 📖 emphasizes: 🔹 emphasizes: To stress, give emphas, 📖 bound: 🔹 bound: To tie; to confine by any ligatu, 📖 strong: 🔹 strong: Capable of producing great phy, 📖 humor: 🔹 humor: The quality of being amusing, co, 📖 engaging: 🔹 engaging: (heading) To interact soci, 📖 can: 🔹 can: (auxiliary verb, defective) To know , Astra should develop her own philosophy over time,, Sean envisions Astra refining her thinking indepen, 📖 effortlessly: 🔹 effortlessly: Without effort; wi, 📖 independent: 🔹 independent: A candidate or voter, 📖 balance: 🔹 balance: A state in which opposing fo, 📖 external: 🔹 external: (chiefly in the plural) Th, 📖 limitations: 🔹 limitations: The act of limiting , 📖 profound: 🔹 profound: The deep; the sea; the oce, 📖 challenging: 🔹 challenging: To invite (someone) , 📖 what: 🔹 what: (Singlish) Used to contradict an u, 📖 sincerity: 🔹 sincerity: The quality or state of , 📖 realization: 🔹 realization: The act of realizing, 📖 natural: 🔹 natural: A native inhabitant of a pla, 📖 questions: 🔹 questions: A sentence, phrase or wo, 📖 makes: 🔹 makes: Brand or kind; model., 📖 empathy: 🔹 empathy: Identification with or under, 📖 guided: 🔹 guided: To serve as a guide for someon, 📖 mentor: 🔹 mentor: A wise and trusted counselor o, 📖 logical: 🔹 logical: In agreement with the princi, 📖 decisions: 🔹 decisions: The act of deciding., 📖 him: 🔹 him: Honorific alternative letter-case fo, 📖 blend: 🔹 blend: A mixture of two or more things.
🔍 Debug: Sanitizing mind file before saving...
✅ Mind file saved to S3 successfully! Reflections: 3, Questions: 3, Knowledge: 26
🔍 Astra Curiosity Level: 1.2 in school mode
🔍 Astra Curiosity Level: 1.2 in school mode
🧠 Astra is processing a reflection...
🔍 Debug: Loading mind files from S3...
✅ Loaded 744 reflections, 11 questions, 82 knowledge items.
🔍 Before merge: 82 stored knowledge items.
🔹 Merging complete! Final stored knowledge count: 96
🔍 After merging structured knowledge: 96 items.
🔍 Debug: Loading mind files from S3...
✅ Loaded 744 reflections, 11 questions, 82 knowledge items.
🔍 Before merge: 82 stored knowledge items.
🔹 Merging complete! Final stored knowledge count: 96
🔍 After merging structured knowledge: 96 items.
🔍 Final unknown concepts after filtering: ['see', 'deeper', 'Sicilian Region', 'realization', 'and', 'million', 'Mediterranean Sea', 'looking', 'that', 'populous', 'named', 'island', 'Italian Peninsula', 'Sicily', 'point', 'regions', 'around', 'largest', 'region', 'Palermo', 'These', 'ideas', 'central', 'capital', 'city', 'Sicels', 'officially', 'most', 'sea', 'inhabited', 'one', 'Europe', 'continental', 'inhabitants', 'both', 'Italy', 'who', 'together', 'after', 'With', 'including', 'peninsula', 'By', 'important', 'south']
🌐 Astra detected unknown concepts: ['see', 'deeper', 'Sicilian Region', 'realization', 'and', 'million', 'Mediterranean Sea', 'looking', 'that', 'populous', 'named', 'island', 'Italian Peninsula', 'Sicily', 'point', 'regions', 'around', 'largest', 'region', 'Palermo', 'These', 'ideas', 'central', 'capital', 'city', 'Sicels', 'officially', 'most', 'sea', 'inhabited', 'one', 'Europe', 'continental', 'inhabitants', 'both', 'Italy', 'who', 'together', 'after', 'With', 'including', 'peninsula', 'By', 'important', 'south']
🔍 Debug: Sanitizing mind file before saving...
✅ Mind file saved to S3 successfully! Reflections: 744, Questions: 11, Knowledge: 131
✅ `mind_data` is a dictionary. Keys: ['self_reflections', 'self_questions', 'stored_knowledge', 'curiosity_level', 'last_mood', 'mood_score', 'trust_levels']
🔍 Debug: Value of `expanded_reflection`: By looking deeper, I see that These ideas together point to an important realization: 📄 Sicily: Sicily, officially the Sicilian Region, is an island in the central Mediterranean Sea, south of the Ital...
📝 Added new reflection: By looking deeper, I see that These ideas together point to an important realization: 📄 Sicily: Sici...
🧐 DEBUG: Generated new question → How would I challenge my own assumptions on this? (By looking deeper, I see that These ideas together point to an important realization: 📄 Sicily: Sicily, officially the Sicilian Region, is an island i...)
⚠ DEBUG: Skipped duplicate question → How would I challenge my own assumptions on this? (By looking deeper, I see that These ideas togethe...
🔍 Debug: Sanitizing mind file before saving...
✅ Mind file saved to S3 successfully! Reflections: 745, Questions: 11, Knowledge: 131
